// Jest Snapshot v1, https://goo.gl/fbAQLP

exports[`<Controls /> matches snapshot 1`] = `
<div
  className="controls panel"
>
  <button
    className="toggle-btn"
    data-testid="closed"
    disabled={true}
  >
    Lock Gate
  </button>
  <button
    className="toggle-btn"
    data-testid="locked"
  >
    Close Gate
  </button>
</div>
`;
